2018/01/30 18:20:09 [emerg] 1198#0: open() "/home/ak/nginx/conf/conf/vhosts/backend.conf" failed (2: No such file or directory) in /home/ak/nginx/conf/nginx.conf:19
2018/01/30 18:23:04 [error] 1461#0: *1 open() "/home/ak/nginx/html/favicon.ico" failed (2: No such file or directory), client: 127.0.0.1, server: localhost, request: "GET /favicon.ico HTTP/1.1", host: "localhost"
2018/01/30 18:23:04 [error] 1461#0: *1 open() "/home/ak/nginx/html/favicon.ico" failed (2: No such file or directory), client: 127.0.0.1, server: localhost, request: "GET /favicon.ico HTTP/1.1", host: "localhost"
2018/01/30 18:23:21 [error] 1461#0: *1 open() "/home/ak/nginx/html/status" failed (2: No such file or directory), client: 127.0.0.1, server: localhost, request: "GET /status HTTP/1.1", host: "localhost", referrer: "http://localhost/"
2018/01/30 18:25:05 [error] 1690#0: *1 open() "/home/ak/nginx/html/favicon.ico" failed (2: No such file or directory), client: 127.0.0.1, server: localhost, request: "GET /favicon.ico HTTP/1.1", host: "localhost:8080"
2018/01/30 18:26:23 [error] 1895#0: *3 open() "/home/ak/nginx/html/favicon.ico" failed (2: No such file or directory), client: 192.168.122.139, server: 192.168.122.139, request: "GET /favicon.ico HTTP/1.1", host: "192.168.122.139:8080"
2018/01/30 18:33:26 [error] 2486#0: *1 open() "/home/ak/nginx/html/in.html" failed (2: No such file or directory), client: 192.168.122.139, server: 192.168.122.139, request: "GET /in.html HTTP/1.1", host: "192.168.122.139:8080"
2018/01/30 18:35:41 [error] 2552#0: *1 open() "/home/ak/nginx/html/resources/pictures/pictures" failed (2: No such file or directory), client: 192.168.122.139, server: 192.168.122.139, request: "GET /pictures HTTP/1.1", host: "192.168.122.139:8080"
2018/01/30 18:37:46 [error] 2623#0: *1 open() "/home/ak/nginx/html/resources/pictures/pictures" failed (2: No such file or directory), client: 192.168.122.139, server: 192.168.122.139, request: "GET /pictures HTTP/1.1", host: "192.168.122.139:8080"
2018/01/30 18:37:49 [error] 2623#0: *1 "/home/ak/nginx/html/resources/pictures/pictures/index.html" is not found (2: No such file or directory), client: 192.168.122.139, server: 192.168.122.139, request: "GET /pictures/ HTTP/1.1", host: "192.168.122.139:8080"
2018/01/30 18:38:04 [error] 2672#0: *1 "/home/ak/nginx/html/resources/pictures/pictures/index.html" is not found (2: No such file or directory), client: 192.168.122.139, server: 192.168.122.139, request: "GET /pictures/ HTTP/1.1", host: "192.168.122.139:8080"
2018/01/30 18:38:15 [error] 2672#0: *1 open() "/home/ak/nginx/html/resources/pictures/pictures" failed (2: No such file or directory), client: 192.168.122.139, server: 192.168.122.139, request: "GET /pictures HTTP/1.1", host: "192.168.122.139:8080"
2018/01/30 18:39:59 [error] 2740#0: *1 open() "/home/ak/nginx/html/pictures" failed (2: No such file or directory), client: 192.168.122.139, server: 192.168.122.139, request: "GET /pictures HTTP/1.1", host: "192.168.122.139:8080"
2018/01/30 18:40:34 [error] 2740#0: *2 open() "/home/ak/nginx/html/pictures" failed (2: No such file or directory), client: 192.168.122.139, server: 192.168.122.139, request: "GET /pictures HTTP/1.1", host: "192.168.122.139:8080"
2018/01/30 18:40:35 [error] 2740#0: *2 open() "/home/ak/nginx/html/pictures" failed (2: No such file or directory), client: 192.168.122.139, server: 192.168.122.139, request: "GET /pictures HTTP/1.1", host: "192.168.122.139:8080"
2018/01/30 18:40:36 [error] 2740#0: *2 open() "/home/ak/nginx/html/pictures" failed (2: No such file or directory), client: 192.168.122.139, server: 192.168.122.139, request: "GET /pictures HTTP/1.1", host: "192.168.122.139:8080"
2018/01/30 18:40:56 [error] 2740#0: *3 open() "/home/ak/nginx/html/pictures" failed (2: No such file or directory), client: 127.0.0.1, server: 192.168.122.139, request: "GET /pictures HTTP/1.1", host: "localhost:8080"
2018/01/30 18:42:24 [error] 2946#0: *1 open() "/home/ak/nginx/html/pictures" failed (2: No such file or directory), client: 127.0.0.1, server: 192.168.122.139, request: "GET /pictures HTTP/1.1", host: "localhost:8080"
2018/01/30 18:42:37 [error] 2946#0: *2 open() "/home/ak/nginx/html/pictures" failed (2: No such file or directory), client: 192.168.122.139, server: 192.168.122.139, request: "GET /pictures HTTP/1.1", host: "192.168.122.139:8080"
2018/01/30 18:43:03 [error] 2999#0: *1 open() "/home/ak/nginx/html/resources/pictures/pictures" failed (2: No such file or directory), client: 192.168.122.139, server: 192.168.122.139, request: "GET /pictures HTTP/1.1", host: "192.168.122.139:8080"
2018/01/30 18:43:53 [error] 2999#0: *1 open() "/home/ak/nginx/html/resources/pictures/pictures/01.jpg" failed (2: No such file or directory), client: 192.168.122.139, server: 192.168.122.139, request: "GET /pictures/01.jpg HTTP/1.1", host: "192.168.122.139:8080", referrer: "http://192.168.122.139:8080/"
2018/01/30 18:44:38 [error] 3070#0: *1 directory index of "/home/ak/nginx/html/resources/pictures/" is forbidden, client: 192.168.122.139, server: 192.168.122.139, request: "GET /pictures/ HTTP/1.1", host: "192.168.122.139:8080"
2018/01/30 18:44:41 [error] 3070#0: *1 directory index of "/home/ak/nginx/html/resources/pictures/" is forbidden, client: 192.168.122.139, server: 192.168.122.139, request: "GET /pictures/ HTTP/1.1", host: "192.168.122.139:8080"
2018/01/30 18:48:29 [error] 3229#0: *1 access forbidden by rule, client: 192.168.122.139, server: 192.168.122.139, request: "GET /status HTTP/1.1", host: "192.168.122.139:8080"
2018/01/30 18:48:34 [error] 3229#0: *1 access forbidden by rule, client: 192.168.122.139, server: 192.168.122.139, request: "GET /status HTTP/1.1", host: "192.168.122.139:8080"
2018/01/30 18:48:52 [error] 3229#0: *1 access forbidden by rule, client: 192.168.122.139, server: 192.168.122.139, request: "GET /status.html HTTP/1.1", host: "192.168.122.139:8080"
2018/01/30 18:49:22 [error] 3229#0: *1 access forbidden by rule, client: 192.168.122.139, server: 192.168.122.139, request: "GET /status HTTP/1.1", host: "192.168.122.139:8080"
2018/01/30 18:49:59 [error] 3289#0: *1 access forbidden by rule, client: 192.168.122.139, server: 192.168.122.139, request: "GET /status HTTP/1.1", host: "192.168.122.139:8080"
2018/01/30 18:49:59 [error] 3289#0: *1 access forbidden by rule, client: 192.168.122.139, server: 192.168.122.139, request: "GET /status HTTP/1.1", host: "192.168.122.139:8080"
2018/01/30 18:50:01 [error] 3289#0: *1 access forbidden by rule, client: 192.168.122.139, server: 192.168.122.139, request: "GET /status HTTP/1.1", host: "192.168.122.139:8080"
2018/01/30 18:50:53 [error] 3365#0: *1 access forbidden by rule, client: 192.168.122.139, server: 192.168.122.139, request: "GET /status HTTP/1.1", host: "192.168.122.139:8080"
2018/01/30 18:50:54 [error] 3365#0: *1 access forbidden by rule, client: 192.168.122.139, server: 192.168.122.139, request: "GET /status HTTP/1.1", host: "192.168.122.139:8080"
2018/01/30 18:51:09 [error] 3365#0: *1 access forbidden by rule, client: 192.168.122.139, server: 192.168.122.139, request: "GET /status HTTP/1.1", host: "192.168.122.139:8080"
2018/01/30 18:52:33 [error] 3365#0: *2 access forbidden by rule, client: 192.168.122.139, server: 192.168.122.139, request: "GET /status HTTP/1.1", host: "192.168.122.139:8080"
2018/01/30 18:52:34 [error] 3365#0: *2 access forbidden by rule, client: 192.168.122.139, server: 192.168.122.139, request: "GET /status HTTP/1.1", host: "192.168.122.139:8080"
2018/01/30 18:52:35 [error] 3365#0: *2 access forbidden by rule, client: 192.168.122.139, server: 192.168.122.139, request: "GET /status HTTP/1.1", host: "192.168.122.139:8080"
2018/01/30 18:53:12 [error] 3365#0: *2 access forbidden by rule, client: 192.168.122.139, server: 192.168.122.139, request: "GET /status HTTP/1.1", host: "192.168.122.139:8080"
2018/01/30 18:55:03 [error] 3489#0: *2 access forbidden by rule, client: 127.0.0.1, server: 192.168.122.139, request: "GET /status HTTP/1.1", host: "localhost:8080"
2018/01/30 19:04:58 [error] 3834#0: *1 open() "/home/ak/nginx/conf/conf/.htpasswd" failed (2: No such file or directory), client: 192.168.122.139, server: 192.168.122.139, request: "GET /admin HTTP/1.1", host: "192.168.122.139:8080"
2018/01/30 19:05:08 [error] 3834#0: *1 open() "/home/ak/nginx/conf/conf/.htpasswd" failed (2: No such file or directory), client: 192.168.122.139, server: 192.168.122.139, request: "GET /admin.html HTTP/1.1", host: "192.168.122.139:8080"
2018/01/30 19:05:14 [error] 3834#0: *1 open() "/home/ak/nginx/conf/conf/.htpasswd" failed (2: No such file or directory), client: 192.168.122.139, server: 192.168.122.139, request: "GET /admin HTTP/1.1", host: "192.168.122.139:8080"
2018/01/30 19:06:49 [error] 3834#0: *1 open() "/home/ak/nginx/conf/conf/.htpasswd" failed (2: No such file or directory), client: 192.168.122.139, server: 192.168.122.139, request: "GET /admin HTTP/1.1", host: "192.168.122.139:8080"
2018/01/30 19:17:52 [error] 4374#0: *1 open() "/home/ak/nginx/html/asd" failed (2: No such file or directory), client: 192.168.122.139, server: 192.168.122.139, request: "GET /asd HTTP/1.1", host: "192.168.122.139:8080"
2018/01/30 19:19:01 [error] 4374#0: *2 access forbidden by rule, client: 127.0.0.1, server: 192.168.122.139, request: "GET /status HTTP/1.1", host: "localhost:8080"
2018/01/31 11:20:21 [error] 4154#0: *1 open() "/home/ak/nginx/html/favicon.ico" failed (2: No such file or directory), client: 192.168.122.139, server: 192.168.122.139, request: "GET /favicon.ico HTTP/1.1", host: "192.168.122.139:8443"
2018/01/31 11:22:12 [error] 4247#0: *1 open() "/home/ak/nginx/html/favicon.ico" failed (2: No such file or directory), client: 127.0.0.1, server: 192.168.122.139, request: "GET /favicon.ico HTTP/1.1", host: "localhost:8080"
2018/01/31 11:22:12 [error] 4247#0: *1 open() "/home/ak/nginx/html/favicon.ico" failed (2: No such file or directory), client: 127.0.0.1, server: 192.168.122.139, request: "GET /favicon.ico HTTP/1.1", host: "localhost:8080"
2018/01/31 11:22:14 [error] 4247#0: *1 access forbidden by rule, client: 127.0.0.1, server: 192.168.122.139, request: "GET /status HTTP/1.1", host: "localhost:8080", referrer: "http://localhost:8080/"
2018/01/31 11:22:15 [error] 4247#0: *1 access forbidden by rule, client: 127.0.0.1, server: 192.168.122.139, request: "GET /status HTTP/1.1", host: "localhost:8080", referrer: "http://localhost:8080/"
2018/01/31 11:22:28 [error] 4247#0: *1 access forbidden by rule, client: 127.0.0.1, server: 192.168.122.139, request: "GET /status HTTP/1.1", host: "localhost:8080", referrer: "http://localhost:8080/"
2018/01/31 11:24:28 [error] 4417#0: *1 open() "/home/ak/nginx/html/favicon.ico" failed (2: No such file or directory), client: 127.0.0.1, server: 192.168.122.139, request: "GET /favicon.ico HTTP/1.1", host: "localhost:8443"
2018/01/31 11:24:28 [error] 4417#0: *1 open() "/home/ak/nginx/html/favicon.ico" failed (2: No such file or directory), client: 127.0.0.1, server: 192.168.122.139, request: "GET /favicon.ico HTTP/1.1", host: "localhost:8443"
2018/01/31 11:34:20 [error] 4831#0: *3 open() "/home/ak/nginx/html/favicon.ico" failed (2: No such file or directory), client: 127.0.0.1, server: 192.168.122.139, request: "GET /favicon.ico HTTP/1.1", host: "localhost"
2018/01/31 11:34:20 [error] 4831#0: *3 open() "/home/ak/nginx/html/favicon.ico" failed (2: No such file or directory), client: 127.0.0.1, server: 192.168.122.139, request: "GET /favicon.ico HTTP/1.1", host: "localhost"
2018/01/31 11:35:48 [error] 4937#0: *3 open() "/home/ak/nginx/html/favicon.ico" failed (2: No such file or directory), client: 127.0.0.1, server: 192.168.122.139, request: "GET /favicon.ico HTTP/1.1", host: "localhost:8443"
2018/01/31 11:51:31 [error] 5315#0: *5 open() "/home/ak/nginx/html/favicon.ico" failed (2: No such file or directory), client: 192.168.122.139, server: 192.168.122.139, request: "GET /favicon.ico HTTP/1.1", host: "192.168.122.139:8443"
2018/01/31 12:13:20 [emerg] 5744#0: duplicate location "/" in /home/ak/nginx/conf/vhosts/backend.conf:35
2018/01/31 12:15:39 [error] 5816#0: *2 open() "/home/ak/nginx/html/favicon.ico" failed (2: No such file or directory), client: 127.0.0.1, server: 192.168.122.139, request: "GET /favicon.ico HTTP/1.1", host: "localhost:8443"
2018/01/31 12:15:39 [error] 5816#0: *2 open() "/home/ak/nginx/html/favicon.ico" failed (2: No such file or directory), client: 127.0.0.1, server: 192.168.122.139, request: "GET /favicon.ico HTTP/1.1", host: "localhost:8443"
2018/01/31 12:16:57 [error] 6020#0: *4 open() "/home/ak/nginx/html/favicon.ico" failed (2: No such file or directory), client: 127.0.0.1, server: 192.168.122.139, request: "GET /favicon.ico HTTP/1.1", host: "localhost:8443"
2018/01/31 12:16:57 [error] 6020#0: *4 open() "/home/ak/nginx/html/favicon.ico" failed (2: No such file or directory), client: 127.0.0.1, server: 192.168.122.139, request: "GET /favicon.ico HTTP/1.1", host: "localhost:8443"
2018/01/31 12:27:27 [error] 6514#0: *1 open() "/home/ak/nginx/html/asdf" failed (2: No such file or directory), client: 127.0.0.1, server: 192.168.122.139, request: "GET /asdf HTTP/1.1", host: "localhost:8443"
2018/01/31 12:32:02 [error] 6630#0: *1 open() "/home/ak/nginx/html/asdf" failed (2: No such file or directory), client: 127.0.0.1, server: 192.168.122.139, request: "GET /asdf HTTP/1.1", host: "localhost:8443"
2018/01/31 12:32:43 [error] 6630#0: *4 open() "/home/ak/nginx/html/favicon.ico" failed (2: No such file or directory), client: 192.168.122.247, server: 192.168.122.139, request: "GET /favicon.ico HTTP/1.1", host: "192.168.122.139"
2018/01/31 12:32:43 [error] 6630#0: *4 open() "/home/ak/nginx/html/favicon.ico" failed (2: No such file or directory), client: 192.168.122.247, server: 192.168.122.139, request: "GET /favicon.ico HTTP/1.1", host: "192.168.122.139"
2018/01/31 12:33:11 [error] 6630#0: *4 open() "/home/ak/nginx/html/sdf" failed (2: No such file or directory), client: 192.168.122.247, server: 192.168.122.139, request: "GET /sdf HTTP/1.1", host: "192.168.122.139"
2018/01/31 12:34:26 [error] 6630#0: *4 open() "/home/ak/nginx/html/asdf" failed (2: No such file or directory), client: 192.168.122.247, server: 192.168.122.139, request: "GET /asdf HTTP/1.1", host: "192.168.122.139"
2018/01/31 12:36:49 [error] 6630#0: *14 open() "/home/ak/nginx/html/favicon.ico" failed (2: No such file or directory), client: 192.168.122.1, server: 192.168.122.139, request: "GET /favicon.ico HTTP/1.1", host: "192.168.122.139"
2018/01/31 12:36:49 [error] 6630#0: *14 open() "/home/ak/nginx/html/favicon.ico" failed (2: No such file or directory), client: 192.168.122.1, server: 192.168.122.139, request: "GET /favicon.ico HTTP/1.1", host: "192.168.122.139"
2018/01/31 12:38:07 [error] 6630#0: *15 open() "/home/ak/nginx/html/asdf" failed (2: No such file or directory), client: 192.168.122.1, server: 192.168.122.139, request: "GET /asdf HTTP/1.1", host: "192.168.122.139"
2018/01/31 12:39:22 [error] 6734#0: *1 open() "/home/ak/nginx/html/asdf" failed (2: No such file or directory), client: 127.0.0.1, server: 192.168.122.139, request: "GET /asdf HTTP/1.1", host: "localhost:8443"
2018/01/31 12:40:10 [error] 6822#0: *1 open() "/home/ak/nginx/html/asssss" failed (2: No such file or directory), client: 127.0.0.1, server: 192.168.122.139, request: "GET /asssss HTTP/1.1", host: "localhost:8443"
2018/01/31 12:40:12 [error] 6822#0: *1 open() "/home/ak/nginx/html/asssss" failed (2: No such file or directory), client: 127.0.0.1, server: 192.168.122.139, request: "GET /asssss HTTP/1.1", host: "localhost:8443"
2018/01/31 12:49:25 [error] 7011#0: *1 open() "/home/ak/nginx/html/pictures/01.gif" failed (2: No such file or directory), client: 127.0.0.1, server: 192.168.122.139, request: "GET /pictures/01.gif HTTP/1.1", host: "localhost:8443", referrer: "https://localhost:8443/"
2018/01/31 12:49:30 [error] 7011#0: *1 open() "/home/ak/nginx/html/pictures/01.jpg" failed (2: No such file or directory), client: 127.0.0.1, server: 192.168.122.139, request: "GET /pictures/01.jpg HTTP/1.1", host: "localhost:8443", referrer: "https://localhost:8443/"
2018/01/31 12:49:31 [error] 7011#0: *1 open() "/home/ak/nginx/html/pictures/01.jpg" failed (2: No such file or directory), client: 127.0.0.1, server: 192.168.122.139, request: "GET /pictures/01.jpg HTTP/1.1", host: "localhost:8443", referrer: "https://localhost:8443/"
2018/01/31 12:49:50 [error] 7079#0: *1 open() "/home/ak/nginx/html/pictures/01.jpg" failed (2: No such file or directory), client: 127.0.0.1, server: 192.168.122.139, request: "GET /pictures/01.jpg HTTP/1.1", host: "localhost:8443", referrer: "https://localhost:8443/"
2018/01/31 12:49:51 [error] 7079#0: *1 open() "/home/ak/nginx/html/pictures/01.jpg" failed (2: No such file or directory), client: 127.0.0.1, server: 192.168.122.139, request: "GET /pictures/01.jpg HTTP/1.1", host: "localhost:8443", referrer: "https://localhost:8443/"
2018/01/31 12:49:52 [error] 7079#0: *1 open() "/home/ak/nginx/html/pictures/01.jpg" failed (2: No such file or directory), client: 127.0.0.1, server: 192.168.122.139, request: "GET /pictures/01.jpg HTTP/1.1", host: "localhost:8443", referrer: "https://localhost:8443/"
2018/01/31 12:49:54 [error] 7079#0: *1 open() "/home/ak/nginx/html/pictures/01.gif" failed (2: No such file or directory), client: 127.0.0.1, server: 192.168.122.139, request: "GET /pictures/01.gif HTTP/1.1", host: "localhost:8443", referrer: "https://localhost:8443/"
2018/01/31 12:49:55 [error] 7079#0: *1 open() "/home/ak/nginx/html/pictures/01.gif" failed (2: No such file or directory), client: 127.0.0.1, server: 192.168.122.139, request: "GET /pictures/01.gif HTTP/1.1", host: "localhost:8443", referrer: "https://localhost:8443/"
2018/01/31 12:50:29 [error] 7079#0: *4 open() "/home/ak/nginx/html/favicon.ico" failed (2: No such file or directory), client: 192.168.122.139, server: 192.168.122.139, request: "GET /favicon.ico HTTP/1.1", host: "192.168.122.139:8443"
2018/01/31 12:50:35 [error] 7079#0: *4 open() "/home/ak/nginx/html/pictures/01.jpg" failed (2: No such file or directory), client: 192.168.122.139, server: 192.168.122.139, request: "GET /pictures/01.jpg HTTP/1.1", host: "192.168.122.139:8443", referrer: "https://192.168.122.139:8443/"
2018/01/31 12:50:38 [error] 7079#0: *4 open() "/home/ak/nginx/html/pictures/01.jpg" failed (2: No such file or directory), client: 192.168.122.139, server: 192.168.122.139, request: "GET /pictures/01.jpg HTTP/1.1", host: "192.168.122.139:8443", referrer: "https://192.168.122.139:8443/"
2018/01/31 12:50:39 [error] 7079#0: *4 open() "/home/ak/nginx/html/pictures/01.jpg" failed (2: No such file or directory), client: 192.168.122.139, server: 192.168.122.139, request: "GET /pictures/01.jpg HTTP/1.1", host: "192.168.122.139:8443", referrer: "https://192.168.122.139:8443/"
2018/01/31 12:50:41 [error] 7079#0: *4 open() "/home/ak/nginx/html/pictures/01.gif" failed (2: No such file or directory), client: 192.168.122.139, server: 192.168.122.139, request: "GET /pictures/01.gif HTTP/1.1", host: "192.168.122.139:8443", referrer: "https://192.168.122.139:8443/"
2018/01/31 12:50:42 [error] 7079#0: *4 open() "/home/ak/nginx/html/pictures/01.gif" failed (2: No such file or directory), client: 192.168.122.139, server: 192.168.122.139, request: "GET /pictures/01.gif HTTP/1.1", host: "192.168.122.139:8443", referrer: "https://192.168.122.139:8443/"
2018/01/31 12:50:43 [error] 7079#0: *4 open() "/home/ak/nginx/html/pictures/01.gif" failed (2: No such file or directory), client: 192.168.122.139, server: 192.168.122.139, request: "GET /pictures/01.gif HTTP/1.1", host: "192.168.122.139:8443", referrer: "https://192.168.122.139:8443/"
2018/01/31 12:50:44 [error] 7079#0: *4 open() "/home/ak/nginx/html/pictures/01.gif" failed (2: No such file or directory), client: 192.168.122.139, server: 192.168.122.139, request: "GET /pictures/01.gif HTTP/1.1", host: "192.168.122.139:8443", referrer: "https://192.168.122.139:8443/"
2018/01/31 13:05:00 [error] 7627#0: *6 open() "/home/ak/nginx/html/favicon.ico" failed (2: No such file or directory), client: 192.168.122.112, server: 192.168.122.139, request: "GET /favicon.ico HTTP/1.1", host: "192.168.122.139"
2018/01/31 13:49:14 [warn] 8877#0: conflicting server name "192.168.122.139" on 0.0.0.0:8080, ignored
2018/01/31 13:49:14 [warn] 8879#0: conflicting server name "192.168.122.139" on 0.0.0.0:8080, ignored
2018/01/31 13:51:21 [error] 9111#0: *4 open() "/home/ak/nginx/html/favicon.ico" failed (2: No such file or directory), client: 192.168.122.139, server: 192.168.122.139, request: "GET /favicon.ico HTTP/1.1", host: "192.168.122.139:8443"
2018/01/31 13:51:21 [error] 9111#0: *4 open() "/home/ak/nginx/html/favicon.ico" failed (2: No such file or directory), client: 192.168.122.139, server: 192.168.122.139, request: "GET /favicon.ico HTTP/1.1", host: "192.168.122.139:8443"
2018/01/31 13:55:13 [error] 9347#0: *2 open() "/home/ak/nginx/html/favicon.ico" failed (2: No such file or directory), client: 192.168.122.139, server: 192.168.122.139, request: "GET /favicon.ico HTTP/1.1", host: "192.168.122.139:8443"
2018/01/31 21:08:49 [error] 1301#0: *4 open() "/home/ak/nginx/html/favicon.ico" failed (2: No such file or directory), client: 192.168.122.139, server: 192.168.122.139, request: "GET /favicon.ico HTTP/1.1", host: "192.168.122.139:8443"
2018/01/31 21:20:05 [error] 1301#0: *10 open() "/home/ak/nginx/html/favicon.ico" failed (2: No such file or directory), client: 192.168.122.139, server: 192.168.122.139, request: "GET /favicon.ico HTTP/1.1", host: "192.168.122.139:8443"
2018/01/31 21:38:36 [emerg] 4188#0: BIO_new_file("/home/ak/nginx/conf/server.crt") failed (SSL: error:02001002:system library:fopen:No such file or directory:fopen('/home/ak/nginx/conf/server.crt','r') error:2006D080:BIO routines:BIO_new_file:no such file)
